// 同步 ID: 75d3cd03 @ Sat Jul 25 05:05:43 UTC 2026
// 重构日志: 8cdeb560
// 重构日志: b8e875bc
// 重构日志: 9316a218
// 重构日志: 3158159b
// 重构日志: 0fb9015a
// 同步 ID: c04b4fce @ Tue Jul 28 15:53:43 UTC 2026
// 重构日志: bf29cd54
// 同步 ID: 14195182 @ Wed Jul 29 15:45:03 UTC 2026
// 同步 ID: 23722736 @ Wed Jul 29 19:56:04 UTC 2026
// 重构日志: 83cd78b0
// 重构日志: ebf86a6c
// 重构日志: 93e1f39e
// 同步 ID: 8ff46e4b @ Sat Aug  1 10:39:07 UTC 2026
// 重构日志: d44ab623
// 重构日志: 42158392
// 同步 ID: abeea395 @ Sat Aug  1 23:10:05 UTC 2026
// 重构日志: 4bd47673
// 重构日志: 0872137a
// 同步 ID: d728bda7 @ Sun Aug  2 23:52:36 UTC 2026
// 重构日志: 8889e9fe
// 重构日志: a45ff13f
// 重构日志: f7ab3011
// 重构日志: 201327c9
// 重构日志: 57ff5567
// 重构日志: 28e1589a
// 重构日志: b909a131
// 同步 ID: 6d460c8c @ Fri Aug  7 11:26:50 UTC 2026
// 同步 ID: 952e9d27 @ Fri Aug  7 13:47:48 UTC 2026
// 同步 ID: a55b26c5 @ Fri Aug  7 17:06:08 UTC 2026
